app/dashboard/projets/[id]/page.tsx(2722,11): error TS2322: Type 'import("C:/Users/caoer/Desktop/Projet AgentAI/NextMind-main/types/index").User | null' is not assignable to type 'import("C:/Users/caoer/Desktop/Projet AgentAI/NextMind-main/node_modules/@supabase/auth-js/dist/module/lib/types").User | null'.
  Type 'User' is missing the following properties from type 'User': app_metadata, user_metadata, aud, created_at
app/dashboard/projets/[id]/page.tsx(3241,6): error TS2304: Cannot find name 'pendingPlanningProposal'.
app/dashboard/projets/[id]/page.tsx(3243,19): error TS2304: Cannot find name 'pendingPlanningProposal'.
app/dashboard/projets/[id]/page.tsx(3244,21): error TS2304: Cannot find name 'handleValidatePlanning'.
app/dashboard/projets/[id]/page.tsx(3245,25): error TS2304: Cannot find name 'setPendingPlanningProposal'.
components/project/tabs/AssistantTab.tsx(235,13): error TS2322: Type 'string' is not assignable to type '"particulier" | "professionnel"'.
